// Jest Snapshot v1, https://goo.gl/fbAQLP

exports[`NotFound: Component should render correctly 1`] = `
<styled.div>
  <HelmetWrapper
    defer={true}
    encodeSpecialCharacters={true}
    title="notFound.pageTitle / Not found / {}"
  />
  <FormattedMessage
    defaultMessage="Error: 404"
    id="notFound.title"
  />
</styled.div>
`;
